2001:638:804:2098:74b5:dae1:eaf4:9281 - - [30/May/2015:02:13:46 +0200] "GET /css/fonts/roboto/Roboto-Thin-webfont.woff HTTP/1.1" 304 - unilokal.de "http://unilokal.de/index.php/welcome/events" "Mozilla/5.0 (Linux; Android 5.0.1; SM-N910F Build/LRX22C) AppleWebKit/537.36 (KHTML, like Gecko) Chrome/42.0.2311.111 Mobile Safari/537.36" "-"
2001:638:804:2098:74b5:dae1:eaf4:9281 - - [30/May/2015:02:13:46 +0200] "GET /css/fonts/roboto/Roboto-Medium-webfont.woff HTTP/1.1" 304 - unilokal.de "http://unilokal.de/index.php/welcome/events" "Mozilla/5.0 (Linux; Android 5.0.1; SM-N910F Build/LRX22C) AppleWebKit/537.36 (KHTML, like Gecko) Chrome/42.0.2311.111 Mobile Safari/537.36" "-"
2001:638:804:2098:74b5:dae1:eaf4:9281 - - [30/May/2015:02:13:46 +0200] "GET /css/fonts/roboto/Roboto-Bold-webfont.woff HTTP/1.1" 304 - unilokal.de "http://unilokal.de/index.php/welcome/events" "Mozilla/5.0 (Linux; Android 5.0.1; SM-N910F Build/LRX22C) AppleWebKit/537.36 (KHTML, like Gecko) Chrome/42.0.2311.111 Mobile Safari/537.36" "-"
2001:638:804:2098:74b5:dae1:eaf4:9281 - - [30/May/2015:02:13:47 +0200] "GET /index.php/welcome/eventspecial/4 HTTP/1.1" 200 9925 unilokal.de "http://unilokal.de/index.php/welcome/events" "Mozilla/5.0 (Linux; Android 5.0.1; SM-N910F Build/LRX22C) AppleWebKit/537.36 (KHTML, like Gecko) Chrome/42.0.2311.111 Mobile Safari/537.36" "-"
139.30.136.217 - - [30/May/2015:02:14:01 +0200] "GET /sql.php?server=1&db=db578113103&table=events&pos=0&token=68731ce303fc783f89d277743b2beef9&ajax_request=true&ajax_page_request=true&menuHashes=df3be35f-c2dc9f2d-161561d3-02b72506-45b50520&_nocache=1432944842508280754 HTTP/1.1" 200 4908 phpmyadmin.unilokal.de "http://phpmyadmin.unilokal.de/index.php?db=db578113103&table=orte&target=sql.php&token=68731ce303fc783f89d277743b2beef9" "Mozilla/5.0 (Windows NT 6.3; WOW64; rv:38.0) Gecko/20100101 Firefox/38.0" "-"
139.30.136.217 - - [30/May/2015:02:14:02 +0200] "GET /themes/dot.gif HTTP/1.1" 304 - phpmyadmin.unilokal.de "http://phpmyadmin.unilokal.de/index.php?db=db578113103&table=orte&target=sql.php&token=68731ce303fc783f89d277743b2beef9" "Mozilla/5.0 (Windows NT 6.3; WOW64; rv:38.0) Gecko/20100101 Firefox/38.0" "-"
139.30.136.217 - - [30/May/2015:02:14:02 +0200] "GET /themes/pmahomme/img/s_fulltext.png HTTP/1.1" 304 - phpmyadmin.unilokal.de "http://phpmyadmin.unilokal.de/index.php?db=db578113103&table=orte&target=sql.php&token=68731ce303fc783f89d277743b2beef9" "Mozilla/5.0 (Windows NT 6.3; WOW64; rv:38.0) Gecko/20100101 Firefox/38.0" "-"
139.30.136.217 - - [30/May/2015:02:14:02 +0200] "GET /themes/pmahomme/img/arrow_ltr.png HTTP/1.1" 304 - phpmyadmin.unilokal.de "http://phpmyadmin.unilokal.de/index.php?db=db578113103&table=orte&target=sql.php&token=68731ce303fc783f89d277743b2beef9" "Mozilla/5.0 (Windows NT 6.3; WOW64; rv:38.0) Gecko/20100101 Firefox/38.0" "-"
139.30.136.217 - - [30/May/2015:02:14:02 +0200] "GET /favicon.ico HTTP/1.1" 304 - phpmyadmin.unilokal.de "-" "Mozilla/5.0 (Windows NT 6.3; WOW64; rv:38.0) Gecko/20100101 Firefox/38.0" "-"
139.30.136.217 - - [30/May/2015:02:14:02 +0200] "GET /index.php?ajax_request=1&recent_table=1&token=68731ce303fc783f89d277743b2beef9 HTTP/1.1" 200 - phpmyadmin.unilokal.de "http://phpmyadmin.unilokal.de/index.php?db=db578113103&table=orte&target=sql.php&token=68731ce303fc783f89d277743b2beef9" "Mozilla/5.0 (Windows NT 6.3; WOW64; rv:38.0) Gecko/20100101 Firefox/38.0" "-"
139.30.136.217 - - [30/May/2015:02:14:05 +0200] "GET /tbl_structure.php?db=db578113103&table=events&token=68731ce303fc783f89d277743b2beef9&ajax_request=true&ajax_page_request=true&menuHashes=df3be35f-c2dc9f2d-161561d3-02b72506-45b50520-e4a1cf8c&_nocache=1432944846505398737 HTTP/1.1" 200 5569 phpmyadmin.unilokal.de "http://phpmyadmin.unilokal.de/index.php?db=db578113103&table=orte&target=sql.php&token=68731ce303fc783f89d277743b2beef9" "Mozilla/5.0 (Windows NT 6.3; WOW64; rv:38.0) Gecko/20100101 Firefox/38.0" "-"
139.30.136.217 - - [30/May/2015:02:14:06 +0200] "GET /index.php?ajax_request=1&recent_table=1&token=68731ce303fc783f89d277743b2beef9 HTTP/1.1" 200 - phpmyadmin.unilokal.de "http://phpmyadmin.unilokal.de/index.php?db=db578113103&table=orte&target=sql.php&token=68731ce303fc783f89d277743b2beef9" "Mozilla/5.0 (Windows NT 6.3; WOW64; rv:38.0) Gecko/20100101 Firefox/38.0" "-"
2001:638:804:2098:74b5:dae1:eaf4:9281 - - [30/May/2015:02:14:13 +0200] "GET /index.php/welcome HTTP/1.1" 200 3417 unilokal.de "http://unilokal.de/index.php/welcome/eventspecial/4" "Mozilla/5.0 (Linux; Android 5.0.1; SM-N910F Build/LRX22C) AppleWebKit/537.36 (KHTML, like Gecko) Chrome/42.0.2311.111 Mobile Safari/537.36" "-"
2001:638:804:2098:74b5:dae1:eaf4:9281 - - [30/May/2015:02:14:16 +0200] "GET /index.php/welcome/events HTTP/1.1" 200 6458 unilokal.de "-" "Mozilla/5.0 (Linux; Android 5.0.1; SM-N910F Build/LRX22C) AppleWebKit/537.36 (KHTML, like Gecko) Chrome/42.0.2311.111 Mobile Safari/537.36" "-"
2001:638:804:2098:74b5:dae1:eaf4:9281 - - [30/May/2015:02:14:17 +0200] "GET /index.php/welcome/eventspecial/4 HTTP/1.1" 200 9928 unilokal.de "http://unilokal.de/index.php/welcome/events" "Mozilla/5.0 (Linux; Android 5.0.1; SM-N910F Build/LRX22C) AppleWebKit/537.36 (KHTML, like Gecko) Chrome/42.0.2311.111 Mobile Safari/537.36" "-"
2001:638:804:2098:6951:b4e7:ad35:5b5e - - [30/May/2015:02:14:43 +0200] "GET /index.php/welcome HTTP/1.1" 200 3417 unilokal.de "http://unilokal.de/index.php/welcome/locationsspecial/1" "Mozilla/5.0 (Linux; Android 4.4.2; de-de; SAMSUNG SM-N9005 Build/KOT49H) AppleWebKit/537.36 (KHTML, like Gecko) Version/1.5 Chrome/28.0.1500.94 Mobile Safari/537.36" "-"
2001:638:804:2098:6951:b4e7:ad35:5b5e - - [30/May/2015:02:14:45 +0200] "GET /favicon.ico HTTP/1.1" 404 1363 unilokal.de "-" "Mozilla/5.0 (Linux; Android 4.4.2; de-de; SAMSUNG SM-N9005 Build/KOT49H) AppleWebKit/537.36 (KHTML, like Gecko) Version/1.5 Chrome/28.0.1500.94 Mobile Safari/537.36" "-"
2001:638:804:2098:6951:b4e7:ad35:5b5e - - [30/May/2015:02:14:47 +0200] "GET /index.php/welcome/events HTTP/1.1" 200 6458 unilokal.de "http://unilokal.de/index.php/welcome" "Mozilla/5.0 (Linux; Android 4.4.2; de-de; SAMSUNG SM-N9005 Build/KOT49H) AppleWebKit/537.36 (KHTML, like Gecko) Version/1.5 Chrome/28.0.1500.94 Mobile Safari/537.36" "-"
2001:638:804:2098:6951:b4e7:ad35:5b5e - - [30/May/2015:02:14:48 +0200] "GET /favicon.ico HTTP/1.1" 404 1363 unilokal.de "-" "Mozilla/5.0 (Linux; Android 4.4.2; de-de; SAMSUNG SM-N9005 Build/KOT49H) AppleWebKit/537.36 (KHTML, like Gecko) Version/1.5 Chrome/28.0.1500.94 Mobile Safari/537.36" "-"
2001:638:804:2098:6951:b4e7:ad35:5b5e - - [30/May/2015:02:14:49 +0200] "GET /index.php/welcome/eventspecial/2 HTTP/1.1" 200 9928 unilokal.de "http://unilokal.de/index.php/welcome/events" "Mozilla/5.0 (Linux; Android 4.4.2; de-de; SAMSUNG SM-N9005 Build/KOT49H) AppleWebKit/537.36 (KHTML, like Gecko) Version/1.5 Chrome/28.0.1500.94 Mobile Safari/537.36" "-"
2001:638:804:2098:6951:b4e7:ad35:5b5e - - [30/May/2015:02:14:50 +0200] "GET /favicon.ico HTTP/1.1" 404 1363 unilokal.de "-" "Mozilla/5.0 (Linux; Android 4.4.2; de-de; SAMSUNG SM-N9005 Build/KOT49H) AppleWebKit/537.36 (KHTML, like Gecko) Version/1.5 Chrome/28.0.1500.94 Mobile Safari/537.36" "-"
2001:638:804:2098:74b5:dae1:eaf4:9281 - - [30/May/2015:02:14:55 +0200] "GET /index.php/welcome HTTP/1.1" 200 3417 unilokal.de "http://unilokal.de/index.php/welcome/eventspecial/4" "Mozilla/5.0 (Linux; Android 5.0.1; SM-N910F Build/LRX22C) AppleWebKit/537.36 (KHTML, like Gecko) Chrome/42.0.2311.111 Mobile Safari/537.36" "-"
2001:638:804:2098:74b5:dae1:eaf4:9281 - - [30/May/2015:02:14:58 +0200] "GET /index.php/welcome/events HTTP/1.1" 200 6458 unilokal.de "-" "Mozilla/5.0 (Linux; Android 5.0.1; SM-N910F Build/LRX22C) AppleWebKit/537.36 (KHTML, like Gecko) Chrome/42.0.2311.111 Mobile Safari/537.36" "-"
2001:638:804:2098:74b5:dae1:eaf4:9281 - - [30/May/2015:02:15:00 +0200] "GET /index.php/welcome/eventspecial/1 HTTP/1.1" 200 9928 unilokal.de "http://unilokal.de/index.php/welcome/events" "Mozilla/5.0 (Linux; Android 5.0.1; SM-N910F Build/LRX22C) AppleWebKit/537.36 (KHTML, like Gecko) Chrome/42.0.2311.111 Mobile Safari/537.36" "-"
2001:638:804:2098:74b5:dae1:eaf4:9281 - - [30/May/2015:02:15:30 +0200] "GET /index.php/welcome HTTP/1.1" 200 3417 unilokal.de "http://unilokal.de/index.php/welcome/events" "Mozilla/5.0 (Linux; Android 5.0.1; SM-N910F Build/LRX22C) AppleWebKit/537.36 (KHTML, like Gecko) Chrome/42.0.2311.111 Mobile Safari/537.36" "-"
2001:638:804:2098:6951:b4e7:ad35:5b5e - - [30/May/2015:02:15:32 +0200] "GET /index.php/welcome/eventspecial/2 HTTP/1.1" 200 5170 unilokal.de "-" "Mozilla/5.0 (Linux; Android 4.4.2; de-de; SAMSUNG SM-N9005 Build/KOT49H) AppleWebKit/537.36 (KHTML, like Gecko) Version/1.5 Chrome/28.0.1500.94 Mobile Safari/537.36" "-"
2001:638:804:2098:74b5:dae1:eaf4:9281 - - [30/May/2015:02:15:32 +0200] "GET /index.php/welcome/events HTTP/1.1" 200 6458 unilokal.de "-" "Mozilla/5.0 (Linux; Android 5.0.1; SM-N910F Build/LRX22C) AppleWebKit/537.36 (KHTML, like Gecko) Chrome/42.0.2311.111 Mobile Safari/537.36" "-"
2001:638:804:2098:74b5:dae1:eaf4:9281 - - [30/May/2015:02:15:34 +0200] "GET /index.php/welcome/eventspecial/1 HTTP/1.1" 200 5167 unilokal.de "http://unilokal.de/index.php/welcome/events" "Mozilla/5.0 (Linux; Android 5.0.1; SM-N910F Build/LRX22C) AppleWebKit/537.36 (KHTML, like Gecko) Chrome/42.0.2311.111 Mobile Safari/537.36" "-"
2001:638:804:2098:6951:b4e7:ad35:5b5e - - [30/May/2015:02:15:34 +0200] "GET /index.php/welcome HTTP/1.1" 200 3417 unilokal.de "http://unilokal.de/index.php/welcome/eventspecial/2" "Mozilla/5.0 (Linux; Android 4.4.2; de-de; SAMSUNG SM-N9005 Build/KOT49H) AppleWebKit/537.36 (KHTML, like Gecko) Version/1.5 Chrome/28.0.1500.94 Mobile Safari/537.36" "-"
2001:638:804:2098:6951:b4e7:ad35:5b5e - - [30/May/2015:02:15:35 +0200] "GET /favicon.ico HTTP/1.1" 404 1363 unilokal.de "-" "Mozilla/5.0 (Linux; Android 4.4.2; de-de; SAMSUNG SM-N9005 Build/KOT49H) AppleWebKit/537.36 (KHTML, like Gecko) Version/1.5 Chrome/28.0.1500.94 Mobile Safari/537.36" "-"
2001:638:804:2098:74b5:dae1:eaf4:9281 - - [30/May/2015:02:15:38 +0200] "GET /index.php/welcome HTTP/1.1" 200 3417 unilokal.de "http://unilokal.de/index.php/welcome/eventspecial/1" "Mozilla/5.0 (Linux; Android 5.0.1; SM-N910F Build/LRX22C) AppleWebKit/537.36 (KHTML, like Gecko) Chrome/42.0.2311.111 Mobile Safari/537.36" "-"
2001:638:804:2098:74b5:dae1:eaf4:9281 - - [30/May/2015:02:15:40 +0200] "GET /index.php/welcome/events HTTP/1.1" 200 6458 unilokal.de "-" "Mozilla/5.0 (Linux; Android 5.0.1; SM-N910F Build/LRX22C) AppleWebKit/537.36 (KHTML, like Gecko) Chrome/42.0.2311.111 Mobile Safari/537.36" "-"
2001:638:804:2098:6951:b4e7:ad35:5b5e - - [30/May/2015:02:15:40 +0200] "GET /index.php/welcome/events HTTP/1.1" 200 6458 unilokal.de "http://unilokal.de/index.php/welcome" "Mozilla/5.0 (Linux; Android 4.4.2; de-de; SAMSUNG SM-N9005 Build/KOT49H) AppleWebKit/537.36 (KHTML, like Gecko) Version/1.5 Chrome/28.0.1500.94 Mobile Safari/537.36" "-"
2001:638:804:2098:6951:b4e7:ad35:5b5e - - [30/May/2015:02:15:41 +0200] "GET /favicon.ico HTTP/1.1" 404 1363 unilokal.de "-" "Mozilla/5.0 (Linux; Android 4.4.2; de-de; SAMSUNG SM-N9005 Build/KOT49H) AppleWebKit/537.36 (KHTML, like Gecko) Version/1.5 Chrome/28.0.1500.94 Mobile Safari/537.36" "-"
2001:638:804:2098:74b5:dae1:eaf4:9281 - - [30/May/2015:02:15:42 +0200] "GET /index.php/welcome/eventspecial/4 HTTP/1.1" 200 9902 unilokal.de "http://unilokal.de/index.php/welcome/events" "Mozilla/5.0 (Linux; Android 5.0.1; SM-N910F Build/LRX22C) AppleWebKit/537.36 (KHTML, like Gecko) Chrome/42.0.2311.111 Mobile Safari/537.36" "-"
2001:638:804:2098:6951:b4e7:ad35:5b5e - - [30/May/2015:02:15:42 +0200] "GET /index.php/welcome/eventspecial/4 HTTP/1.1" 200 9902 unilokal.de "http://unilokal.de/index.php/welcome/events" "Mozilla/5.0 (Linux; Android 4.4.2; de-de; SAMSUNG SM-N9005 Build/KOT49H) AppleWebKit/537.36 (KHTML, like Gecko) Version/1.5 Chrome/28.0.1500.94 Mobile Safari/537.36" "-"
2001:638:804:2098:6951:b4e7:ad35:5b5e - - [30/May/2015:02:15:42 +0200] "GET /favicon.ico HTTP/1.1" 404 1363 unilokal.de "-" "Mozilla/5.0 (Linux; Android 4.4.2; de-de; SAMSUNG SM-N9005 Build/KOT49H) AppleWebKit/537.36 (KHTML, like Gecko) Version/1.5 Chrome/28.0.1500.94 Mobile Safari/537.36" "-"
139.30.136.217 - - [30/May/2015:02:15:43 +0200] "GET /sql.php?db=db578113103&table=events&token=68731ce303fc783f89d277743b2beef9&pos=0 HTTP/1.1" 200 6641 phpmyadmin.unilokal.de "http://phpmyadmin.unilokal.de/index.php?db=db578113103&table=orte&target=sql.php&token=68731ce303fc783f89d277743b2beef9" "Mozilla/5.0 (Windows NT 6.3; WOW64; rv:38.0) Gecko/20100101 Firefox/38.0" "-"
139.30.136.217 - - [30/May/2015:02:15:44 +0200] "GET /themes/pmahomme/jquery/jquery-ui-1.9.2.custom.css HTTP/1.1" 304 - phpmyadmin.unilokal.de "http://phpmyadmin.unilokal.de/sql.php?db=db578113103&table=events&token=68731ce303fc783f89d277743b2beef9&pos=0" "Mozilla/5.0 (Windows NT 6.3; WOW64; rv:38.0) Gecko/20100101 Firefox/38.0" "-"
139.30.136.217 - - [30/May/2015:02:15:45 +0200] "GET /themes/pmahomme/img/logo_left.png HTTP/1.1" 304 - phpmyadmin.unilokal.de "http://phpmyadmin.unilokal.de/sql.php?db=db578113103&table=events&token=68731ce303fc783f89d277743b2beef9&pos=0" "Mozilla/5.0 (Windows NT 6.3; WOW64; rv:38.0) Gecko/20100101 Firefox/38.0" "-"
139.30.136.217 - - [30/May/2015:02:15:45 +0200] "GET /themes/pmahomme/img/ajax_clock_small.gif HTTP/1.1" 304 - phpmyadmin.unilokal.de "http://phpmyadmin.unilokal.de/sql.php?db=db578113103&table=events&token=68731ce303fc783f89d277743b2beef9&pos=0" "Mozilla/5.0 (Windows NT 6.3; WOW64; rv:38.0) Gecko/20100101 Firefox/38.0" "-"
139.30.136.217 - - [30/May/2015:02:15:45 +0200] "GET /themes/pmahomme/img/col_pointer.png HTTP/1.1" 304 - phpmyadmin.unilokal.de "http://phpmyadmin.unilokal.de/phpmyadmin.css.php?server=1&token=68731ce303fc783f89d277743b2beef9&nocache=5731754879ltr" "Mozilla/5.0 (Windows NT 6.3; WOW64; rv:38.0) Gecko/20100101 Firefox/38.0" "-"
139.30.136.217 - - [30/May/2015:02:15:45 +0200] "GET /themes/pmahomme/img/left_nav_bg.png HTTP/1.1" 304 - phpmyadmin.unilokal.de "http://phpmyadmin.unilokal.de/phpmyadmin.css.php?server=1&token=68731ce303fc783f89d277743b2beef9&nocache=5731754879ltr" "Mozilla/5.0 (Windows NT 6.3; WOW64; rv:38.0) Gecko/20100101 Firefox/38.0" "-"
139.30.136.217 - - [30/May/2015:02:15:45 +0200] "GET /themes/pmahomme/img/sprites.png HTTP/1.1" 304 - phpmyadmin.unilokal.de "http://phpmyadmin.unilokal.de/phpmyadmin.css.php?server=1&token=68731ce303fc783f89d277743b2beef9&nocache=5731754879ltr" "Mozilla/5.0 (Windows NT 6.3; WOW64; rv:38.0) Gecko/20100101 Firefox/38.0" "-"
139.30.136.217 - - [30/May/2015:02:15:45 +0200] "GET /themes/pmahomme/img/col_drop.png HTTP/1.1" 304 - phpmyadmin.unilokal.de "http://phpmyadmin.unilokal.de/phpmyadmin.css.php?server=1&token=68731ce303fc783f89d277743b2beef9&nocache=5731754879ltr" "Mozilla/5.0 (Windows NT 6.3; WOW64; rv:38.0) Gecko/20100101 Firefox/38.0" "-"
139.30.136.217 - - [30/May/2015:02:15:45 +0200] "GET /navigation.php?ajax_request=1&token=68731ce303fc783f89d277743b2beef9&aPath=cm9vdA%3D%3D.ZGI1NzgxMTMxMDM%3D&vPath=cm9vdA%3D%3D.ZGI1NzgxMTMxMDM%3D&pos=0&pos2_name=&pos2_value=&searchClause=&searchClause2=&_nocache=1432944945763610465 HTTP/1.1" 200 654 phpmyadmin.unilokal.de "http://phpmyadmin.unilokal.de/sql.php?db=db578113103&table=events&token=68731ce303fc783f89d277743b2beef9&pos=0" "Mozilla/5.0 (Windows NT 6.3; WOW64; rv:38.0) Gecko/20100101 Firefox/38.0" "-"
139.30.136.217 - - [30/May/2015:02:15:45 +0200] "GET /index.php?ajax_request=1&recent_table=1&token=68731ce303fc783f89d277743b2beef9 HTTP/1.1" 200 - phpmyadmin.unilokal.de "http://phpmyadmin.unilokal.de/sql.php?db=db578113103&table=events&token=68731ce303fc783f89d277743b2beef9&pos=0" "Mozilla/5.0 (Windows NT 6.3; WOW64; rv:38.0) Gecko/20100101 Firefox/38.0" "-"
2001:638:804:2098:74b5:dae1:eaf4:9281 - - [30/May/2015:02:15:49 +0200] "GET /index.php/welcome/eventspecial/2 HTTP/1.1" 200 5170 unilokal.de "http://unilokal.de/index.php/welcome/events" "Mozilla/5.0 (Linux; Android 5.0.1; SM-N910F Build/LRX22C) AppleWebKit/537.36 (KHTML, like Gecko) Chrome/42.0.2311.111 Mobile Safari/537.36" "-"
2001:638:804:2098:74b5:dae1:eaf4:9281 - - [30/May/2015:02:15:53 +0200] "GET /index.php/welcome/eventspecial/3 HTTP/1.1" 200 9902 unilokal.de "http://unilokal.de/index.php/welcome/events" "Mozilla/5.0 (Linux; Android 5.0.1; SM-N910F Build/LRX22C) AppleWebKit/537.36 (KHTML, like Gecko) Chrome/42.0.2311.111 Mobile Safari/537.36" "-"
2001:638:804:2098:6951:b4e7:ad35:5b5e - - [30/May/2015:02:15:57 +0200] "GET /favicon.ico HTTP/1.1" 404 1363 unilokal.de "-" "Mozilla/5.0 (Linux; Android 4.4.2; de-de; SAMSUNG SM-N9005 Build/KOT49H) AppleWebKit/537.36 (KHTML, like Gecko) Version/1.5 Chrome/28.0.1500.94 Mobile Safari/537.36" "-"
139.30.136.217 - - [30/May/2015:02:16:13 +0200] "GET /sql.php?server=1&db=db578113103&table=orte&pos=0&token=68731ce303fc783f89d277743b2beef9 HTTP/1.1" 200 7089 phpmyadmin.unilokal.de "http://phpmyadmin.unilokal.de/sql.php?db=db578113103&table=events&token=68731ce303fc783f89d277743b2beef9&pos=0" "Mozilla/5.0 (Windows NT 6.3; WOW64; rv:38.0) Gecko/20100101 Firefox/38.0" "-"
139.30.136.217 - - [30/May/2015:02:16:15 +0200] "GET /navigation.php?ajax_request=1&token=68731ce303fc783f89d277743b2beef9&aPath=cm9vdA%3D%3D.ZGI1NzgxMTMxMDM%3D&vPath=cm9vdA%3D%3D.ZGI1NzgxMTMxMDM%3D&pos=0&pos2_name=&pos2_value=&searchClause=&searchClause2=&_nocache=1432944975820494320 HTTP/1.1" 200 654 phpmyadmin.unilokal.de "http://phpmyadmin.unilokal.de/sql.php?server=1&db=db578113103&table=orte&pos=0&token=68731ce303fc783f89d277743b2beef9" "Mozilla/5.0 (Windows NT 6.3; WOW64; rv:38.0) Gecko/20100101 Firefox/38.0" "-"
139.30.136.217 - - [30/May/2015:02:16:15 +0200] "GET /index.php?ajax_request=1&recent_table=1&token=68731ce303fc783f89d277743b2beef9 HTTP/1.1" 200 - phpmyadmin.unilokal.de "http://phpmyadmin.unilokal.de/sql.php?server=1&db=db578113103&table=orte&pos=0&token=68731ce303fc783f89d277743b2beef9" "Mozilla/5.0 (Windows NT 6.3; WOW64; rv:38.0) Gecko/20100101 Firefox/38.0" "-"
139.30.136.217 - - [30/May/2015:02:16:24 +0200] "GET /tbl_change.php?db=db578113103&table=events&where_clause=%60events%60.%60id%60+%3D+3&clause_is_unique=1&sql_query=SELECT+%2A+FROM+%60events%60&goto=sql.php&default_action=update&token=68731ce303fc783f89d277743b2beef9&ajax_request=true&ajax_page_request=true&menuHashes=e4a1cf8c&_nocache=1432944984789200735 HTTP/1.1" 200 4393 phpmyadmin.unilokal.de "http://phpmyadmin.unilokal.de/sql.php?db=db578113103&table=events&token=68731ce303fc783f89d277743b2beef9&pos=0" "Mozilla/5.0 (Windows NT 6.3; WOW64; rv:38.0) Gecko/20100101 Firefox/38.0" "-"
139.30.136.217 - - [30/May/2015:02:16:24 +0200] "GET /themes/pmahomme/img/b_calendar.png HTTP/1.1" 200 638 phpmyadmin.unilokal.de "http://phpmyadmin.unilokal.de/sql.php?db=db578113103&table=events&token=68731ce303fc783f89d277743b2beef9&pos=0" "Mozilla/5.0 (Windows NT 6.3; WOW64; rv:38.0) Gecko/20100101 Firefox/38.0" "-"
139.30.136.217 - - [30/May/2015:02:16:24 +0200] "GET /index.php?ajax_request=1&recent_table=1&token=68731ce303fc783f89d277743b2beef9 HTTP/1.1" 200 - phpmyadmin.unilokal.de "http://phpmyadmin.unilokal.de/sql.php?db=db578113103&table=events&token=68731ce303fc783f89d277743b2beef9&pos=0" "Mozilla/5.0 (Windows NT 6.3; WOW64; rv:38.0) Gecko/20100101 Firefox/38.0" "-"
139.30.136.217 - - [30/May/2015:02:16:59 +0200] "POST /tbl_replace.php HTTP/1.1" 200 4722 phpmyadmin.unilokal.de "http://phpmyadmin.unilokal.de/sql.php?db=db578113103&table=events&token=68731ce303fc783f89d277743b2beef9&pos=0" "Mozilla/5.0 (Windows NT 6.3; WOW64; rv:38.0) Gecko/20100101 Firefox/38.0" "-"
139.30.136.217 - - [30/May/2015:02:16:59 +0200] "GET /index.php?ajax_request=1&recent_table=1&token=68731ce303fc783f89d277743b2beef9 HTTP/1.1" 200 - phpmyadmin.unilokal.de "http://phpmyadmin.unilokal.de/sql.php?db=db578113103&table=events&token=68731ce303fc783f89d277743b2beef9&pos=0" "Mozilla/5.0 (Windows NT 6.3; WOW64; rv:38.0) Gecko/20100101 Firefox/38.0" "-"
139.30.136.217 - - [30/May/2015:02:17:04 +0200] "GET /tbl_change.php?db=db578113103&table=events&where_clause=%60events%60.%60id%60+%3D+4&clause_is_unique=1&sql_query=SELECT+%2A+FROM+%60events%60&goto=sql.php&default_action=update&token=68731ce303fc783f89d277743b2beef9&ajax_request=true&ajax_page_request=true&menuHashes=e4a1cf8c-b27a236d&_nocache=1432945025593394814 HTTP/1.1" 200 5353 phpmyadmin.unilokal.de "http://phpmyadmin.unilokal.de/sql.php?db=db578113103&table=events&token=68731ce303fc783f89d277743b2beef9&pos=0" "Mozilla/5.0 (Windows NT 6.3; WOW64; rv:38.0) Gecko/20100101 Firefox/38.0" "-"
139.30.136.217 - - [30/May/2015:02:17:06 +0200] "GET /index.php?ajax_request=1&recent_table=1&token=68731ce303fc783f89d277743b2beef9 HTTP/1.1" 200 - phpmyadmin.unilokal.de "http://phpmyadmin.unilokal.de/sql.php?db=db578113103&table=events&token=68731ce303fc783f89d277743b2beef9&pos=0" "Mozilla/5.0 (Windows NT 6.3; WOW64; rv:38.0) Gecko/20100101 Firefox/38.0" "-"
2001:638:804:2098:6951:b4e7:ad35:5b5e - - [30/May/2015:02:17:06 +0200] "GET /index.php/welcome/events HTTP/1.1" 200 6458 unilokal.de "http://unilokal.de/index.php/welcome" "Mozilla/5.0 (Linux; Android 4.4.2; de-de; SAMSUNG SM-N9005 Build/KOT49H) AppleWebKit/537.36 (KHTML, like Gecko) Version/1.5 Chrome/28.0.1500.94 Mobile Safari/537.36" "-"
2001:638:804:2098:6951:b4e7:ad35:5b5e - - [30/May/2015:02:17:06 +0200] "GET /js/nativedroid.script.js HTTP/1.1" 304 - unilokal.de "http://unilokal.de/index.php/welcome/eventspecial/3" "Mozilla/5.0 (Linux; Android 4.4.2; de-de; SAMSUNG SM-N9005 Build/KOT49H) AppleWebKit/537.36 (KHTML, like Gecko) Version/1.5 Chrome/28.0.1500.94 Mobile Safari/537.36" "-"
2001:638:804:2098:6951:b4e7:ad35:5b5e - - [30/May/2015:02:17:06 +0200] "GET /css/font-awesome.min.css HTTP/1.1" 304 - unilokal.de "http://unilokal.de/index.php/welcome/eventspecial/3" "Mozilla/5.0 (Linux; Android 4.4.2; de-de; SAMSUNG SM-N9005 Build/KOT49H) AppleWebKit/537.36 (KHTML, like Gecko) Version/1.5 Chrome/28.0.1500.94 Mobile Safari/537.36" "-"
2001:638:804:2098:6951:b4e7:ad35:5b5e - - [30/May/2015:02:17:06 +0200] "GET /css/jquerymobile.nativedroid.css HTTP/1.1" 304 - unilokal.de "http://unilokal.de/index.php/welcome/eventspecial/3" "Mozilla/5.0 (Linux; Android 4.4.2; de-de; SAMSUNG SM-N9005 Build/KOT49H) AppleWebKit/537.36 (KHTML, like Gecko) Version/1.5 Chrome/28.0.1500.94 Mobile Safari/537.36" "-"
2001:638:804:2098:6951:b4e7:ad35:5b5e - - [30/May/2015:02:17:06 +0200] "GET /css/jquerymobile.nativedroid.dark.css HTTP/1.1" 304 - unilokal.de "http://unilokal.de/index.php/welcome/eventspecial/3" "Mozilla/5.0 (Linux; Android 4.4.2; de-de; SAMSUNG SM-N9005 Build/KOT49H) AppleWebKit/537.36 (KHTML, like Gecko) Version/1.5 Chrome/28.0.1500.94 Mobile Safari/537.36" "-"
2001:638:804:2098:6951:b4e7:ad35:5b5e - - [30/May/2015:02:17:06 +0200] "GET /css/jquerymobile.nativedroid.color.blue.css HTTP/1.1" 304 - unilokal.de "http://unilokal.de/index.php/welcome/eventspecial/3" "Mozilla/5.0 (Linux; Android 4.4.2; de-de; SAMSUNG SM-N9005 Build/KOT49H) AppleWebKit/537.36 (KHTML, like Gecko) Version/1.5 Chrome/28.0.1500.94 Mobile Safari/537.36" "-"
2001:638:804:2098:6951:b4e7:ad35:5b5e - - [30/May/2015:02:17:06 +0200] "GET /css/fonts.css HTTP/1.1" 304 - unilokal.de "http://unilokal.de/index.php/welcome/eventspecial/3" "Mozilla/5.0 (Linux; Android 4.4.2; de-de; SAMSUNG SM-N9005 Build/KOT49H) AppleWebKit/537.36 (KHTML, like Gecko) Version/1.5 Chrome/28.0.1500.94 Mobile Safari/537.36" "-"
2001:638:804:2098:6951:b4e7:ad35:5b5e - - [30/May/2015:02:17:07 +0200] "GET /css/fonts/roboto/Roboto-Thin-webfont.woff HTTP/1.1" 304 - unilokal.de "http://unilokal.de/index.php/welcome/eventspecial/3" "Mozilla/5.0 (Linux; Android 4.4.2; de-de; SAMSUNG SM-N9005 Build/KOT49H) AppleWebKit/537.36 (KHTML, like Gecko) Version/1.5 Chrome/28.0.1500.94 Mobile Safari/537.36" "-"
2001:638:804:2098:6951:b4e7:ad35:5b5e - - [30/May/2015:02:17:07 +0200] "GET /css/fonts/roboto/Roboto-Light-webfont.woff HTTP/1.1" 304 - unilokal.de "http://unilokal.de/index.php/welcome/eventspecial/3" "Mozilla/5.0 (Linux; Android 4.4.2; de-de; SAMSUNG SM-N9005 Build/KOT49H) AppleWebKit/537.36 (KHTML, like Gecko) Version/1.5 Chrome/28.0.1500.94 Mobile Safari/537.36" "-"
2001:638:804:2098:6951:b4e7:ad35:5b5e - - [30/May/2015:02:17:07 +0200] "GET /css/fonts/roboto/Roboto-Bold-webfont.woff HTTP/1.1" 304 - unilokal.de "http://unilokal.de/index.php/welcome/eventspecial/3" "Mozilla/5.0 (Linux; Android 4.4.2; de-de; SAMSUNG SM-N9005 Build/KOT49H) AppleWebKit/537.36 (KHTML, like Gecko) Version/1.5 Chrome/28.0.1500.94 Mobile Safari/537.36" "-"
2001:638:804:2098:6951:b4e7:ad35:5b5e - - [30/May/2015:02:17:07 +0200] "GET /css/fonts/roboto/Roboto-Regular-webfont.woff HTTP/1.1" 304 - unilokal.de "http://unilokal.de/index.php/welcome/eventspecial/3" "Mozilla/5.0 (Linux; Android 4.4.2; de-de; SAMSUNG SM-N9005 Build/KOT49H) AppleWebKit/537.36 (KHTML, like Gecko) Version/1.5 Chrome/28.0.1500.94 Mobile Safari/537.36" "-"
2001:638:804:2098:6951:b4e7:ad35:5b5e - - [30/May/2015:02:17:07 +0200] "GET /css/fonts/roboto/Roboto-Medium-webfont.woff HTTP/1.1" 304 - unilokal.de "http://unilokal.de/index.php/welcome/eventspecial/3" "Mozilla/5.0 (Linux; Android 4.4.2; de-de; SAMSUNG SM-N9005 Build/KOT49H) AppleWebKit/537.36 (KHTML, like Gecko) Version/1.5 Chrome/28.0.1500.94 Mobile Safari/537.36" "-"
2001:638:804:2098:6951:b4e7:ad35:5b5e - - [30/May/2015:02:17:07 +0200] "GET /css/fonts/roboto/Roboto-Black-webfont.woff HTTP/1.1" 304 - unilokal.de "http://unilokal.de/index.php/welcome/eventspecial/3" "Mozilla/5.0 (Linux; Android 4.4.2; de-de; SAMSUNG SM-N9005 Build/KOT49H) AppleWebKit/537.36 (KHTML, like Gecko) Version/1.5 Chrome/28.0.1500.94 Mobile Safari/537.36" "-"
2001:638:804:2098:6951:b4e7:ad35:5b5e - - [30/May/2015:02:17:07 +0200] "GET /css/fonts/fontawesome-webfont.woff?v=4.3.0 HTTP/1.1" 304 - unilokal.de "http://unilokal.de/index.php/welcome/eventspecial/3" "Mozilla/5.0 (Linux; Android 4.4.2; de-de; SAMSUNG SM-N9005 Build/KOT49H) AppleWebKit/537.36 (KHTML, like Gecko) Version/1.5 Chrome/28.0.1500.94 Mobile Safari/537.36" "-"
2001:638:804:2098:6951:b4e7:ad35:5b5e - - [30/May/2015:02:17:07 +0200] "GET /favicon.ico HTTP/1.1" 404 1363 unilokal.de "-" "Mozilla/5.0 (Linux; Android 4.4.2; de-de; SAMSUNG SM-N9005 Build/KOT49H) AppleWebKit/537.36 (KHTML, like Gecko) Version/1.5 Chrome/28.0.1500.94 Mobile Safari/537.36" "-"
2001:638:804:2098:6951:b4e7:ad35:5b5e - - [30/May/2015:02:17:08 +0200] "GET /index.php/welcome/eventspecial/2 HTTP/1.1" 200 5170 unilokal.de "http://unilokal.de/index.php/welcome/events" "Mozilla/5.0 (Linux; Android 4.4.2; de-de; SAMSUNG SM-N9005 Build/KOT49H) AppleWebKit/537.36 (KHTML, like Gecko) Version/1.5 Chrome/28.0.1500.94 Mobile Safari/537.36" "-"
2001:638:804:2098:6951:b4e7:ad35:5b5e - - [30/May/2015:02:17:08 +0200] "GET /favicon.ico HTTP/1.1" 404 1363 unilokal.de "-" "Mozilla/5.0 (Linux; Android 4.4.2; de-de; SAMSUNG SM-N9005 Build/KOT49H) AppleWebKit/537.36 (KHTML, like Gecko) Version/1.5 Chrome/28.0.1500.94 Mobile Safari/537.36" "-"
2001:638:804:2098:6951:b4e7:ad35:5b5e - - [30/May/2015:02:17:10 +0200] "GET /favicon.ico HTTP/1.1" 404 1363 unilokal.de "-" "Mozilla/5.0 (Linux; Android 4.4.2; de-de; SAMSUNG SM-N9005 Build/KOT49H) AppleWebKit/537.36 (KHTML, like Gecko) Version/1.5 Chrome/28.0.1500.94 Mobile Safari/537.36" "-"
2001:638:804:2098:6951:b4e7:ad35:5b5e - - [30/May/2015:02:17:13 +0200] "GET /index.php/welcome/eventspecial/3 HTTP/1.1" 200 5185 unilokal.de "http://unilokal.de/index.php/welcome/events" "Mozilla/5.0 (Linux; Android 4.4.2; de-de; SAMSUNG SM-N9005 Build/KOT49H) AppleWebKit/537.36 (KHTML, like Gecko) Version/1.5 Chrome/28.0.1500.94 Mobile Safari/537.36" "-"
2001:638:804:2098:6951:b4e7:ad35:5b5e - - [30/May/2015:02:17:14 +0200] "GET /favicon.ico HTTP/1.1" 404 1363 unilokal.de "-" "Mozilla/5.0 (Linux; Android 4.4.2; de-de; SAMSUNG SM-N9005 Build/KOT49H) AppleWebKit/537.36 (KHTML, like Gecko) Version/1.5 Chrome/28.0.1500.94 Mobile Safari/537.36" "-"
2001:638:804:2098:74b5:dae1:eaf4:9281 - - [30/May/2015:02:17:18 +0200] "GET /index.php/welcome/eventspecial/3 HTTP/1.1" 200 5185 unilokal.de "http://unilokal.de/index.php/welcome/events" "Mozilla/5.0 (Linux; Android 5.0.1; SM-N910F Build/LRX22C) AppleWebKit/537.36 (KHTML, like Gecko) Chrome/42.0.2311.111 Mobile Safari/537.36" "-"
139.30.136.217 - - [30/May/2015:02:17:22 +0200] "GET /tbl_change.php?db=db578113103&table=orte&token=68731ce303fc783f89d277743b2beef9&ajax_request=true&ajax_page_request=true&menuHashes=161561d3&_nocache=1432945043409945344 HTTP/1.1" 200 4583 phpmyadmin.unilokal.de "http://phpmyadmin.unilokal.de/sql.php?server=1&db=db578113103&table=orte&pos=0&token=68731ce303fc783f89d277743b2beef9" "Mozilla/5.0 (Windows NT 6.3; WOW64; rv:38.0) Gecko/20100101 Firefox/38.0" "-"
139.30.136.217 - - [30/May/2015:02:17:23 +0200] "GET /index.php?ajax_request=1&recent_table=1&token=68731ce303fc783f89d277743b2beef9 HTTP/1.1" 200 - phpmyadmin.unilokal.de "http://phpmyadmin.unilokal.de/sql.php?server=1&db=db578113103&table=orte&pos=0&token=68731ce303fc783f89d277743b2beef9" "Mozilla/5.0 (Windows NT 6.3; WOW64; rv:38.0) Gecko/20100101 Firefox/38.0" "-"
139.30.136.217 - - [30/May/2015:02:19:02 +0200] "POST /tbl_replace.php HTTP/1.1" 200 3179 phpmyadmin.unilokal.de "http://phpmyadmin.unilokal.de/sql.php?server=1&db=db578113103&table=orte&pos=0&token=68731ce303fc783f89d277743b2beef9" "Mozilla/5.0 (Windows NT 6.3; WOW64; rv:38.0) Gecko/20100101 Firefox/38.0" "-"
139.30.136.217 - - [30/May/2015:02:19:03 +0200] "GET /index.php?ajax_request=1&recent_table=1&token=68731ce303fc783f89d277743b2beef9 HTTP/1.1" 200 - phpmyadmin.unilokal.de "http://phpmyadmin.unilokal.de/sql.php?server=1&db=db578113103&table=orte&pos=0&token=68731ce303fc783f89d277743b2beef9" "Mozilla/5.0 (Windows NT 6.3; WOW64; rv:38.0) Gecko/20100101 Firefox/38.0" "-"
2001:638:804:2098:74b5:dae1:eaf4:9281 - - [30/May/2015:02:19:08 +0200] "GET /index.php/welcome/eventspecial/1 HTTP/1.1" 200 5167 unilokal.de "http://unilokal.de/index.php/welcome/events" "Mozilla/5.0 (Linux; Android 5.0.1; SM-N910F Build/LRX22C) AppleWebKit/537.36 (KHTML, like Gecko) Chrome/42.0.2311.111 Mobile Safari/537.36" "-"
2001:638:804:2098:74b5:dae1:eaf4:9281 - - [30/May/2015:02:19:14 +0200] "GET /index.php/welcome HTTP/1.1" 200 3417 unilokal.de "http://unilokal.de/index.php/welcome/events" "Mozilla/5.0 (Linux; Android 5.0.1; SM-N910F Build/LRX22C) AppleWebKit/537.36 (KHTML, like Gecko) Chrome/42.0.2311.111 Mobile Safari/537.36" "-"
139.30.136.217 - - [30/May/2015:02:19:38 +0200] "GET /tbl_structure.php?db=db578113103&table=orte&token=68731ce303fc783f89d277743b2beef9&ajax_request=true&ajax_page_request=true&menuHashes=161561d3-c2dc9f2d-45b50520&_nocache=1432945178859956633 HTTP/1.1" 200 5930 phpmyadmin.unilokal.de "http://phpmyadmin.unilokal.de/sql.php?server=1&db=db578113103&table=orte&pos=0&token=68731ce303fc783f89d277743b2beef9" "Mozilla/5.0 (Windows NT 6.3; WOW64; rv:38.0) Gecko/20100101 Firefox/38.0" "-"
139.30.136.217 - - [30/May/2015:02:19:38 +0200] "GET /index.php?ajax_request=1&recent_table=1&token=68731ce303fc783f89d277743b2beef9 HTTP/1.1" 200 - phpmyadmin.unilokal.de "http://phpmyadmin.unilokal.de/sql.php?server=1&db=db578113103&table=orte&pos=0&token=68731ce303fc783f89d277743b2beef9" "Mozilla/5.0 (Windows NT 6.3; WOW64; rv:38.0) Gecko/20100101 Firefox/38.0" "-"
139.30.136.217 - - [30/May/2015:02:19:39 +0200] "GET /sql.php?db=db578113103&table=orte&token=68731ce303fc783f89d277743b2beef9&pos=0&ajax_request=true&ajax_page_request=true&menuHashes=161561d3-c2dc9f2d-45b50520-02b72506&_nocache=1432945180623737154 HTTP/1.1" 200 4992 phpmyadmin.unilokal.de "http://phpmyadmin.unilokal.de/sql.php?server=1&db=db578113103&table=orte&pos=0&token=68731ce303fc783f89d277743b2beef9" "Mozilla/5.0 (Windows NT 6.3; WOW64; rv:38.0) Gecko/20100101 Firefox/38.0" "-"
139.30.136.217 - - [30/May/2015:02:19:40 +0200] "GET /index.php?ajax_request=1&recent_table=1&token=68731ce303fc783f89d277743b2beef9 HTTP/1.1" 200 - phpmyadmin.unilokal.de "http://phpmyadmin.unilokal.de/sql.php?server=1&db=db578113103&table=orte&pos=0&token=68731ce303fc783f89d277743b2beef9" "Mozilla/5.0 (Windows NT 6.3; WOW64; rv:38.0) Gecko/20100101 Firefox/38.0" "-"
139.30.136.217 - - [30/May/2015:02:19:48 +0200] "GET /tbl_change.php?db=db578113103&table=orte&where_clause=%60orte%60.%60id%60+%3D+10&clause_is_unique=1&sql_query=SELECT+%2A+FROM+%60orte%60&goto=sql.php&default_action=update&token=68731ce303fc783f89d277743b2beef9&ajax_request=true&ajax_page_request=true&menuHashes=161561d3-c2dc9f2d-45b50520-02b72506&_nocache=1432945188831625591 HTTP/1.1" 200 3658 phpmyadmin.unilokal.de "http://phpmyadmin.unilokal.de/sql.php?server=1&db=db578113103&table=orte&pos=0&token=68731ce303fc783f89d277743b2beef9" "Mozilla/5.0 (Windows NT 6.3; WOW64; rv:38.0) Gecko/20100101 Firefox/38.0" "-"
139.30.136.217 - - [30/May/2015:02:19:48 +0200] "GET /index.php?ajax_request=1&recent_table=1&token=68731ce303fc783f89d277743b2beef9 HTTP/1.1" 200 - phpmyadmin.unilokal.de "http://phpmyadmin.unilokal.de/sql.php?server=1&db=db578113103&table=orte&pos=0&token=68731ce303fc783f89d277743b2beef9" "Mozilla/5.0 (Windows NT 6.3; WOW64; rv:38.0) Gecko/20100101 Firefox/38.0" "-"
139.30.136.217 - - [30/May/2015:02:19:52 +0200] "POST /tbl_replace.php HTTP/1.1" 200 5287 phpmyadmin.unilokal.de "http://phpmyadmin.unilokal.de/sql.php?server=1&db=db578113103&table=orte&pos=0&token=68731ce303fc783f89d277743b2beef9" "Mozilla/5.0 (Windows NT 6.3; WOW64; rv:38.0) Gecko/20100101 Firefox/38.0" "-"
139.30.136.217 - - [30/May/2015:02:19:54 +0200] "GET /index.php?ajax_request=1&recent_table=1&token=68731ce303fc783f89d277743b2beef9 HTTP/1.1" 200 - phpmyadmin.unilokal.de "http://phpmyadmin.unilokal.de/sql.php?server=1&db=db578113103&table=orte&pos=0&token=68731ce303fc783f89d277743b2beef9" "Mozilla/5.0 (Windows NT 6.3; WOW64; rv:38.0) Gecko/20100101 Firefox/38.0" "-"
139.30.136.217 - - [30/May/2015:02:20:00 +0200] "POST /tbl_replace.php HTTP/1.1" 200 4722 phpmyadmin.unilokal.de "http://phpmyadmin.unilokal.de/sql.php?db=db578113103&table=events&token=68731ce303fc783f89d277743b2beef9&pos=0" "Mozilla/5.0 (Windows NT 6.3; WOW64; rv:38.0) Gecko/20100101 Firefox/38.0" "-"
139.30.136.217 - - [30/May/2015:02:20:01 +0200] "GET /index.php?ajax_request=1&recent_table=1&token=68731ce303fc783f89d277743b2beef9 HTTP/1.1" 200 - phpmyadmin.unilokal.de "http://phpmyadmin.unilokal.de/sql.php?db=db578113103&table=events&token=68731ce303fc783f89d277743b2beef9&pos=0" "Mozilla/5.0 (Windows NT 6.3; WOW64; rv:38.0) Gecko/20100101 Firefox/38.0" "-"
2001:638:804:2098:74b5:dae1:eaf4:9281 - - [30/May/2015:02:20:12 +0200] "GET /index.php/welcome/login HTTP/1.1" 200 2322 unilokal.de "http://unilokal.de/index.php/welcome" "Mozilla/5.0 (Linux; Android 5.0.1; SM-N910F Build/LRX22C) AppleWebKit/537.36 (KHTML, like Gecko) Chrome/42.0.2311.111 Mobile Safari/537.36" "-"
2001:638:804:2098:74b5:dae1:eaf4:9281 - - [30/May/2015:02:20:14 +0200] "POST /index.php/Login/einloggen HTTP/1.1" 200 - unilokal.de "http://unilokal.de/index.php/welcome/login" "Mozilla/5.0 (Linux; Android 5.0.1; SM-N910F Build/LRX22C) AppleWebKit/537.36 (KHTML, like Gecko) Chrome/42.0.2311.111 Mobile Safari/537.36" "-"
2001:638:804:2098:74b5:dae1:eaf4:9281 - - [30/May/2015:02:20:15 +0200] "GET /index.php/login/start HTTP/1.1" 200 2622 unilokal.de "http://unilokal.de/index.php/welcome/login" "Mozilla/5.0 (Linux; Android 5.0.1; SM-N910F Build/LRX22C) AppleWebKit/537.36 (KHTML, like Gecko) Chrome/42.0.2311.111 Mobile Safari/537.36" "-"
2001:638:804:2098:74b5:dae1:eaf4:9281 - - [30/May/2015:02:20:18 +0200] "GET /index.php/login/news HTTP/1.1" 200 2694 unilokal.de "http://unilokal.de/index.php/login/start" "Mozilla/5.0 (Linux; Android 5.0.1; SM-N910F Build/LRX22C) AppleWebKit/537.36 (KHTML, like Gecko) Chrome/42.0.2311.111 Mobile Safari/537.36" "-"
2001:638:804:2088:d49d:dc82:543a:3e1a - - [30/May/2015:02:24:12 +0200] "GET /index.php/login/start HTTP/1.1" 200 2622 unilokal.de "http://unilokal.de/index.php/login/nutzer" "Mozilla/5.0 (Windows NT 6.3; WOW64; rv:38.0) Gecko/20100101 Firefox/38.0" "-"
2001:638:804:2088:d49d:dc82:543a:3e1a - - [30/May/2015:02:24:12 +0200] "GET /index.php/login/notlogin HTTP/1.1" 200 1766 unilokal.de "http://unilokal.de/index.php/login/nutzer" "Mozilla/5.0 (Windows NT 6.3; WOW64; rv:38.0) Gecko/20100101 Firefox/38.0" "-"
2001:638:804:2088:d49d:dc82:543a:3e1a - - [30/May/2015:02:24:14 +0200] "GET /css/jquerymobile.nativedroid.css HTTP/1.1" 304 - unilokal.de "http://unilokal.de/index.php/login/notlogin" "Mozilla/5.0 (Windows NT 6.3; WOW64; rv:38.0) Gecko/20100101 Firefox/38.0" "-"
2001:638:804:2088:d49d:dc82:543a:3e1a - - [30/May/2015:02:24:24 +0200] "GET /index.php/welcome HTTP/1.1" 200 3417 unilokal.de "http://unilokal.de/index.php/login/notlogin" "Mozilla/5.0 (Windows NT 6.3; WOW64; rv:38.0) Gecko/20100101 Firefox/38.0" "-"
2001:638:804:2088:d49d:dc82:543a:3e1a - - [30/May/2015:02:24:26 +0200] "GET /index.php/welcome/login HTTP/1.1" 200 2322 unilokal.de "http://unilokal.de/index.php/welcome" "Mozilla/5.0 (Windows NT 6.3; WOW64; rv:38.0) Gecko/20100101 Firefox/38.0" "-"
2001:638:804:2088:d49d:dc82:543a:3e1a - - [30/May/2015:02:24:28 +0200] "POST /index.php/Login/einloggen HTTP/1.1" 200 - unilokal.de "http://unilokal.de/index.php/welcome/login" "Mozilla/5.0 (Windows NT 6.3; WOW64; rv:38.0) Gecko/20100101 Firefox/38.0" "-"
2001:638:804:2088:d49d:dc82:543a:3e1a - - [30/May/2015:02:24:28 +0200] "GET /index.php/login/start HTTP/1.1" 200 2622 unilokal.de "http://unilokal.de/index.php/welcome/login" "Mozilla/5.0 (Windows NT 6.3; WOW64; rv:38.0) Gecko/20100101 Firefox/38.0" "-"
2001:638:804:2088:d49d:dc82:543a:3e1a - - [30/May/2015:02:25:29 +0200] "GET /index.php/login/events HTTP/1.1" 200 4425 unilokal.de "http://unilokal.de/index.php/login/start" "Mozilla/5.0 (Windows NT 6.3; WOW64; rv:38.0) Gecko/20100101 Firefox/38.0" "-"
2001:638:804:2088:d49d:dc82:543a:3e1a - - [30/May/2015:02:26:20 +0200] "GET /index.php/login/events HTTP/1.1" 200 4464 unilokal.de "http://unilokal.de/index.php/login/start" "Mozilla/5.0 (Windows NT 6.3; WOW64; rv:38.0) Gecko/20100101 Firefox/38.0" "-"
2001:638:804:2088:d49d:dc82:543a:3e1a - - [30/May/2015:02:26:20 +0200] "GET /css/font-awesome.min.css HTTP/1.1" 304 - unilokal.de "http://unilokal.de/index.php/login/events" "Mozilla/5.0 (Windows NT 6.3; WOW64; rv:38.0) Gecko/20100101 Firefox/38.0" "-"
2001:638:804:2088:d49d:dc82:543a:3e1a - - [30/May/2015:02:26:21 +0200] "GET /css/jquerymobile.nativedroid.css HTTP/1.1" 304 - unilokal.de "http://unilokal.de/index.php/login/events" "Mozilla/5.0 (Windows NT 6.3; WOW64; rv:38.0) Gecko/20100101 Firefox/38.0" "-"
2001:638:804:2088:d49d:dc82:543a:3e1a - - [30/May/2015:02:26:21 +0200] "GET /js/nativedroid.script.js HTTP/1.1" 304 - unilokal.de "http://unilokal.de/index.php/login/events" "Mozilla/5.0 (Windows NT 6.3; WOW64; rv:38.0) Gecko/20100101 Firefox/38.0" "-"
2001:638:804:2088:d49d:dc82:543a:3e1a - - [30/May/2015:02:26:21 +0200] "GET /css/jquerymobile.nativedroid.dark.css HTTP/1.1" 304 - unilokal.de "http://unilokal.de/index.php/login/events" "Mozilla/5.0 (Windows NT 6.3; WOW64; rv:38.0) Gecko/20100101 Firefox/38.0" "-"
2001:638:804:2088:d49d:dc82:543a:3e1a - - [30/May/2015:02:26:21 +0200] "GET /css/jquerymobile.nativedroid.color.blue.css HTTP/1.1" 304 - unilokal.de "http://unilokal.de/index.php/login/events" "Mozilla/5.0 (Windows NT 6.3; WOW64; rv:38.0) Gecko/20100101 Firefox/38.0" "-"
2001:638:804:2088:d49d:dc82:543a:3e1a - - [30/May/2015:02:26:21 +0200] "GET /css/fonts.css HTTP/1.1" 304 - unilokal.de "http://unilokal.de/css/jquerymobile.nativedroid.css" "Mozilla/5.0 (Windows NT 6.3; WOW64; rv:38.0) Gecko/20100101 Firefox/38.0" "-"
2001:638:804:2088:d49d:dc82:543a:3e1a - - [30/May/2015:02:30:04 +0200] "GET /index.php/login/events HTTP/1.1" 200 6668 unilokal.de "http://unilokal.de/index.php/login/start" "Mozilla/5.0 (Windows NT 6.3; WOW64; rv:38.0) Gecko/20100101 Firefox/38.0" "-"
2001:638:804:2088:d49d:dc82:543a:3e1a - - [30/May/2015:02:30:04 +0200] "GET /css/font-awesome.min.css HTTP/1.1" 304 - unilokal.de "http://unilokal.de/index.php/login/events" "Mozilla/5.0 (Windows NT 6.3; WOW64; rv:38.0) Gecko/20100101 Firefox/38.0" "-"
2001:638:804:2088:d49d:dc82:543a:3e1a - - [30/May/2015:02:30:04 +0200] "GET /js/nativedroid.script.js HTTP/1.1" 304 - unilokal.de "http://unilokal.de/index.php/login/events" "Mozilla/5.0 (Windows NT 6.3; WOW64; rv:38.0) Gecko/20100101 Firefox/38.0" "-"
2001:638:804:2088:d49d:dc82:543a:3e1a - - [30/May/2015:02:30:04 +0200] "GET /css/jquerymobile.nativedroid.css HTTP/1.1" 304 - unilokal.de "http://unilokal.de/index.php/login/events" "Mozilla/5.0 (Windows NT 6.3; WOW64; rv:38.0) Gecko/20100101 Firefox/38.0" "-"
2001:638:804:2088:d49d:dc82:543a:3e1a - - [30/May/2015:02:30:04 +0200] "GET /css/jquerymobile.nativedroid.dark.css HTTP/1.1" 304 - unilokal.de "http://unilokal.de/index.php/login/events" "Mozilla/5.0 (Windows NT 6.3; WOW64; rv:38.0) Gecko/20100101 Firefox/38.0" "-"
2001:638:804:2088:d49d:dc82:543a:3e1a - - [30/May/2015:02:30:04 +0200] "GET /css/jquerymobile.nativedroid.color.blue.css HTTP/1.1" 304 - unilokal.de "http://unilokal.de/index.php/login/events" "Mozilla/5.0 (Windows NT 6.3; WOW64; rv:38.0) Gecko/20100101 Firefox/38.0" "-"
2001:638:804:2088:d49d:dc82:543a:3e1a - - [30/May/2015:02:30:05 +0200] "GET /css/fonts.css HTTP/1.1" 304 - unilokal.de "http://unilokal.de/css/jquerymobile.nativedroid.css" "Mozilla/5.0 (Windows NT 6.3; WOW64; rv:38.0) Gecko/20100101 Firefox/38.0" "-"
139.30.156.123 - - [30/May/2015:02:30:16 +0200] "GET /index.php/welcome HTTP/1.1" 200 3542 unilokal.de "http://unilokal.de/index.php/welcome/faq" "Mozilla/5.0 (Windows NT 6.3; Win64; x64) AppleWebKit/537.36 (KHTML, like Gecko) Chrome/43.0.2357.81 Safari/537.36" "-"
139.30.156.123 - - [30/May/2015:02:30:17 +0200] "GET /js/nativedroid.script.js HTTP/1.1" 304 - unilokal.de "http://unilokal.de/index.php/welcome" "Mozilla/5.0 (Windows NT 6.3; Win64; x64) AppleWebKit/537.36 (KHTML, like Gecko) Chrome/43.0.2357.81 Safari/537.36" "-"
139.30.156.123 - - [30/May/2015:02:30:17 +0200] "GET /css/jquerymobile.nativedroid.css HTTP/1.1" 304 - unilokal.de "http://unilokal.de/index.php/welcome" "Mozilla/5.0 (Windows NT 6.3; Win64; x64) AppleWebKit/537.36 (KHTML, like Gecko) Chrome/43.0.2357.81 Safari/537.36" "-"
139.30.156.123 - - [30/May/2015:02:30:18 +0200] "GET /index.php/welcome/faq HTTP/1.1" 200 4095 unilokal.de "http://unilokal.de/index.php/welcome" "Mozilla/5.0 (Windows NT 6.3; Win64; x64) AppleWebKit/537.36 (KHTML, like Gecko) Chrome/43.0.2357.81 Safari/537.36" "-"
139.30.156.123 - - [30/May/2015:02:30:25 +0200] "GET /index.php/welcome HTTP/1.1" 200 3542 unilokal.de "http://unilokal.de/index.php/welcome/faq" "Mozilla/5.0 (Windows NT 6.3; Win64; x64) AppleWebKit/537.36 (KHTML, like Gecko) Chrome/43.0.2357.81 Safari/537.36" "-"
139.30.156.123 - - [30/May/2015:02:33:01 +0200] "GET / HTTP/1.1" 200 4679 unilokal.de "http://unilokal.de/index.php/welcome" "Mozilla/5.0 (Windows NT 6.3; Win64; x64) AppleWebKit/537.36 (KHTML, like Gecko) Chrome/43.0.2357.81 Safari/537.36" "-"
139.30.156.123 - - [30/May/2015:02:33:02 +0200] "GET /index.php/welcome/faq HTTP/1.1" 200 5729 unilokal.de "http://unilokal.de/" "Mozilla/5.0 (Windows NT 6.3; Win64; x64) AppleWebKit/537.36 (KHTML, like Gecko) Chrome/43.0.2357.81 Safari/537.36" "-"
139.30.156.123 - - [30/May/2015:02:33:26 +0200] "GET / HTTP/1.1" 200 4679 unilokal.de "http://unilokal.de/index.php/welcome" "Mozilla/5.0 (Windows NT 6.3; Win64; x64) AppleWebKit/537.36 (KHTML, like Gecko) Chrome/43.0.2357.81 Safari/537.36" "-"
2001:638:804:2098:510b:fa2d:d2e7:92d4 - - [30/May/2015:02:41:17 +0200] "GET /index.php/welcome/faq HTTP/1.1" 200 3758 unilokal.de "http://unilokal.de/" "Mozilla/5.0 (Windows NT 6.3; Win64; x64) AppleWebKit/537.36 (KHTML, like Gecko) Chrome/43.0.2357.81 Safari/537.36" "-"
2001:638:804:2098:510b:fa2d:d2e7:92d4 - - [30/May/2015:02:41:19 +0200] "GET /index.php/welcome/faq HTTP/1.1" 200 3758 unilokal.de "http://unilokal.de/" "Mozilla/5.0 (Windows NT 6.3; Win64; x64) AppleWebKit/537.36 (KHTML, like Gecko) Chrome/43.0.2357.81 Safari/537.36" "-"
2001:638:804:2098:510b:fa2d:d2e7:92d4 - - [30/May/2015:02:41:19 +0200] "GET /css/font-awesome.min.css HTTP/1.1" 304 - unilokal.de "http://unilokal.de/index.php/welcome/faq" "Mozilla/5.0 (Windows NT 6.3; Win64; x64) AppleWebKit/537.36 (KHTML, like Gecko) Chrome/43.0.2357.81 Safari/537.36" "-"
2001:638:804:2098:510b:fa2d:d2e7:92d4 - - [30/May/2015:02:41:19 +0200] "GET /css/jquerymobile.nativedroid.css HTTP/1.1" 304 - unilokal.de "http://unilokal.de/index.php/welcome/faq" "Mozilla/5.0 (Windows NT 6.3; Win64; x64) AppleWebKit/537.36 (KHTML, like Gecko) Chrome/43.0.2357.81 Safari/537.36" "-"
2001:638:804:2098:510b:fa2d:d2e7:92d4 - - [30/May/2015:02:41:19 +0200] "GET /css/jquerymobile.nativedroid.dark.css HTTP/1.1" 304 - unilokal.de "http://unilokal.de/index.php/welcome/faq" "Mozilla/5.0 (Windows NT 6.3; Win64; x64) AppleWebKit/537.36 (KHTML, like Gecko) Chrome/43.0.2357.81 Safari/537.36" "-"
2001:638:804:2098:510b:fa2d:d2e7:92d4 - - [30/May/2015:02:41:19 +0200] "GET /css/jquerymobile.nativedroid.color.blue.css HTTP/1.1" 304 - unilokal.de "http://unilokal.de/index.php/welcome/faq" "Mozilla/5.0 (Windows NT 6.3; Win64; x64) AppleWebKit/537.36 (KHTML, like Gecko) Chrome/43.0.2357.81 Safari/537.36" "-"
2001:638:804:2098:510b:fa2d:d2e7:92d4 - - [30/May/2015:02:41:19 +0200] "GET /js/nativedroid.script.js HTTP/1.1" 304 - unilokal.de "http://unilokal.de/index.php/welcome/faq" "Mozilla/5.0 (Windows NT 6.3; Win64; x64) AppleWebKit/537.36 (KHTML, like Gecko) Chrome/43.0.2357.81 Safari/537.36" "-"
2001:638:804:2098:510b:fa2d:d2e7:92d4 - - [30/May/2015:02:41:19 +0200] "GET /css/fonts.css HTTP/1.1" 304 - unilokal.de "http://unilokal.de/index.php/welcome/faq" "Mozilla/5.0 (Windows NT 6.3; Win64; x64) AppleWebKit/537.36 (KHTML, like Gecko) Chrome/43.0.2357.81 Safari/537.36" "-"
2001:638:804:2098:510b:fa2d:d2e7:92d4 - - [30/May/2015:02:41:20 +0200] "GET /css/fonts/roboto/Roboto-Regular-webfont.woff HTTP/1.1" 304 - unilokal.de "http://unilokal.de/index.php/welcome/faq" "Mozilla/5.0 (Windows NT 6.3; Win64; x64) AppleWebKit/537.36 (KHTML, like Gecko) Chrome/43.0.2357.81 Safari/537.36" "-"
2001:638:804:2098:510b:fa2d:d2e7:92d4 - - [30/May/2015:02:41:20 +0200] "GET /css/fonts/roboto/Roboto-Light-webfont.woff HTTP/1.1" 304 - unilokal.de "http://unilokal.de/index.php/welcome/faq" "Mozilla/5.0 (Windows NT 6.3; Win64; x64) AppleWebKit/537.36 (KHTML, like Gecko) Chrome/43.0.2357.81 Safari/537.36" "-"
2001:638:804:2098:510b:fa2d:d2e7:92d4 - - [30/May/2015:02:41:20 +0200] "GET /css/fonts/roboto/Roboto-Bold-webfont.woff HTTP/1.1" 304 - unilokal.de "http://unilokal.de/index.php/welcome/faq" "Mozilla/5.0 (Windows NT 6.3; Win64; x64) AppleWebKit/537.36 (KHTML, like Gecko) Chrome/43.0.2357.81 Safari/537.36" "-"
2001:638:804:2098:510b:fa2d:d2e7:92d4 - - [30/May/2015:02:41:20 +0200] "GET /css/fonts/roboto/Roboto-Thin-webfont.woff HTTP/1.1" 304 - unilokal.de "http://unilokal.de/index.php/welcome/faq" "Mozilla/5.0 (Windows NT 6.3; Win64; x64) AppleWebKit/537.36 (KHTML, like Gecko) Chrome/43.0.2357.81 Safari/537.36" "-"
2001:638:804:2098:510b:fa2d:d2e7:92d4 - - [30/May/2015:02:41:22 +0200] "GET /index.php/welcome/faq HTTP/1.1" 200 3758 unilokal.de "http://unilokal.de/" "Mozilla/5.0 (Windows NT 6.3; Win64; x64) AppleWebKit/537.36 (KHTML, like Gecko) Chrome/43.0.2357.81 Safari/537.36" "-"
2001:638:804:2098:510b:fa2d:d2e7:92d4 - - [30/May/2015:02:41:22 +0200] "GET /css/font-awesome.min.css HTTP/1.1" 304 - unilokal.de "http://unilokal.de/index.php/welcome/faq" "Mozilla/5.0 (Windows NT 6.3; Win64; x64) AppleWebKit/537.36 (KHTML, like Gecko) Chrome/43.0.2357.81 Safari/537.36" "-"
2001:638:804:2098:510b:fa2d:d2e7:92d4 - - [30/May/2015:02:41:22 +0200] "GET /js/nativedroid.script.js HTTP/1.1" 304 - unilokal.de "http://unilokal.de/index.php/welcome/faq" "Mozilla/5.0 (Windows NT 6.3; Win64; x64) AppleWebKit/537.36 (KHTML, like Gecko) Chrome/43.0.2357.81 Safari/537.36" "-"
2001:638:804:2098:510b:fa2d:d2e7:92d4 - - [30/May/2015:02:41:22 +0200] "GET /css/jquerymobile.nativedroid.css HTTP/1.1" 304 - unilokal.de "http://unilokal.de/index.php/welcome/faq" "Mozilla/5.0 (Windows NT 6.3; Win64; x64) AppleWebKit/537.36 (KHTML, like Gecko) Chrome/43.0.2357.81 Safari/537.36" "-"
2001:638:804:2098:510b:fa2d:d2e7:92d4 - - [30/May/2015:02:41:22 +0200] "GET /css/jquerymobile.nativedroid.color.blue.css HTTP/1.1" 304 - unilokal.de "http://unilokal.de/index.php/welcome/faq" "Mozilla/5.0 (Windows NT 6.3; Win64; x64) AppleWebKit/537.36 (KHTML, like Gecko) Chrome/43.0.2357.81 Safari/537.36" "-"
2001:638:804:2098:510b:fa2d:d2e7:92d4 - - [30/May/2015:02:41:22 +0200] "GET /css/jquerymobile.nativedroid.dark.css HTTP/1.1" 304 - unilokal.de "http://unilokal.de/index.php/welcome/faq" "Mozilla/5.0 (Windows NT 6.3; Win64; x64) AppleWebKit/537.36 (KHTML, like Gecko) Chrome/43.0.2357.81 Safari/537.36" "-"
2001:638:804:2098:510b:fa2d:d2e7:92d4 - - [30/May/2015:02:41:22 +0200] "GET /css/fonts.css HTTP/1.1" 304 - unilokal.de "http://unilokal.de/index.php/welcome/faq" "Mozilla/5.0 (Windows NT 6.3; Win64; x64) AppleWebKit/537.36 (KHTML, like Gecko) Chrome/43.0.2357.81 Safari/537.36" "-"
2001:638:804:2098:510b:fa2d:d2e7:92d4 - - [30/May/2015:02:41:22 +0200] "GET /css/fonts/roboto/Roboto-Regular-webfont.woff HTTP/1.1" 304 - unilokal.de "http://unilokal.de/index.php/welcome/faq" "Mozilla/5.0 (Windows NT 6.3; Win64; x64) AppleWebKit/537.36 (KHTML, like Gecko) Chrome/43.0.2357.81 Safari/537.36" "-"
2001:638:804:2098:510b:fa2d:d2e7:92d4 - - [30/May/2015:02:41:22 +0200] "GET /css/fonts/roboto/Roboto-Light-webfont.woff HTTP/1.1" 304 - unilokal.de "http://unilokal.de/index.php/welcome/faq" "Mozilla/5.0 (Windows NT 6.3; Win64; x64) AppleWebKit/537.36 (KHTML, like Gecko) Chrome/43.0.2357.81 Safari/537.36" "-"
